a,b
1,2
 some text 'some text inside some text' the rest of the text,2
